{
  "files": {
    "tests/fixtures/bad.txt": {
      "trailing_whitespace": [
        1,
        5,
        10,
        15,
        20,
        30,
        40
      ],
      "mixed_indentation": true,
      "no_final_newline": true
    }
  },
  "summary": {
    "total_files": 1,
    "files_with_issues": 1,
    "total_issues": 9
  }
}
