{
  "files": {
    "tests/fixtures/bad4.txt": {
      "trailing_whitespace": [
        3
      ],
      "no_final_newline": true
    }
  },
  "summary": {
    "total_files": 1,
    "files_with_issues": 1,
    "total_issues": 2
  }
}
