{
  "files": {},
  "summary": {
    "total_files": 1,
    "files_with_issues": 0,
    "total_issues": 0
  }
}
